
> @new-ui/journal@0.1.0 build C:\Users\yaros\Documents\GitHub\skoomaDen
> astro check && tsc --noEmit && astro build

02:26:18 [content] Syncing content
02:26:18 [content] Synced content
02:26:18 [types] Generated 476ms
02:26:18 [check] Getting diagnostics for Astro files in C:\Users\yaros\Documents\GitHub\skoomaDen...
[96msrc/components/post/post-content.astro[0m:[93m4[0m:[93m1[0m - [93mwarning[0m[90m ts(6133): [0m'Disqus' is declared but its value is never read.

[7m4[0m import Disqus from "../../components/disqus.astro";
[7m [0m [93m~~~~~~~~~~~~~~~~~~~~~~~~~~~~~~~~~~~~~~~~~~~~~~~~~~~[0m

[96msrc/pages/index.astro[0m:[93m8[0m:[93m7[0m - [93mwarning[0m[90m ts(6133): [0m'articles' is declared but its value is never read.

[7m8[0m const articles = posts.filter(post => !post.data.tags?.includes("Archives"));
[7m [0m [93m      ~~~~~~~~[0m

Result (54 files): 
- 0 errors
- 0 warnings
- 2 hints

02:26:26 [content] Syncing content
02:26:26 [content] Synced content
02:26:26 [types] Generated 435ms
02:26:26 [build] output: "static"
02:26:26 [build] mode: "static"
02:26:26 [build] directory: C:\Users\yaros\Documents\GitHub\skoomaDen\dist\
02:26:26 [build] Collecting build info...
02:26:26 [build] Γ£ô Completed in 486ms.
02:26:26 [build] Building static entrypoints...
[remark-thumbnails] Processing: C:/Users/yaros/Documents/GitHub/skoomaDen/src/content/blog/clannad-fr.mdx
[remark-thumbnails] Processing: C:/Users/yaros/Documents/GitHub/skoomaDen/src/content/blog/clannad.mdx
[remark-thumbnails] Processing: C:/Users/yaros/Documents/GitHub/skoomaDen/src/content/blog/jojo_ranking-fr.mdx
[remark-thumbnails] Processing: C:/Users/yaros/Documents/GitHub/skoomaDen/src/content/blog/planetarian.mdx
[remark-thumbnails] Found image: hero.png -> C:\Users\yaros\Documents\GitHub\skoomaDen\src\content\blog\hero.png
[remark-thumbnails] Processing: C:/Users/yaros/Documents/GitHub/skoomaDen/src/content/blog/planetarian-fr.mdx
[remark-thumbnails] Processing: C:/Users/yaros/Documents/GitHub/skoomaDen/src/content/blog/toaru_storytelling-fr.mdx
[remark-thumbnails] Processing: C:/Users/yaros/Documents/GitHub/skoomaDen/src/content/blog/toaru_storytelling.mdx
[remark-thumbnails] Processing: C:/Users/yaros/Documents/GitHub/skoomaDen/src/content/blog/jojo_ranking.mdx
[remark-thumbnails] Generated thumbnails for: C:\Users\yaros\Documents\GitHub\skoomaDen\src\content\blog\hero.png -> /articles/thumbnails/hero-2d66fc1a-thumb.webp
02:26:29 [vite] [32mΓ£ô built in 2.34s[39m
02:26:29 [build] Γ£ô Completed in 2.38s.

 building client (vite) 
02:26:29 [vite] transforming...
02:26:29 [vite] [32mΓ£ô[39m 22 modules transformed.
02:26:29 [vite] rendering chunks...
02:26:29 [vite] computing gzip size...
02:26:29 [vite] [2mdist/[22m[36m_astro/page.DTIbhfSr.js    [39m[1m[2m  2.18 kB[22m[1m[22m[2m Γöé gzip:  0.97 kB[22m
02:26:29 [vite] [2mdist/[22m[36m_astro/client.CmJkBWW1.js  [39m[1m[2m143.47 kB[22m[1m[22m[2m Γöé gzip: 46.21 kB[22m
02:26:29 [vite] [32mΓ£ô built in 439ms[39m

 generating static routes 
02:26:29 Γû╢ src/pages/date/[slug].astro
02:26:29   Γö£ΓöÇ /date/2024/index.html (+13ms) 
02:26:29   ΓööΓöÇ /date/2025/index.html (+2ms) 
02:26:29 Γû╢ src/pages/date/index.astro
02:26:29   ΓööΓöÇ /date/index.html (+5ms) 
02:26:29 Γû╢ src/pages/posts/[slug].astro
02:26:29   Γö£ΓöÇ /posts/arabes-et-chinois-le-mur-des-cultures-fr/index.html (+3ms) 
02:26:29   Γö£ΓöÇ /posts/arabes-et-chinois-le-mur-des-cultures/index.html (+2ms) 
02:26:29   Γö£ΓöÇ /posts/chai-latte-and-countertop-philosophy/index.html (+2ms) 
02:26:29   Γö£ΓöÇ /posts/chai-latte-and-countertop-philosophy-fr/index.html (+2ms) 
02:26:29   Γö£ΓöÇ /posts/clannad-fr/index.html (+10ms) 
02:26:29   Γö£ΓöÇ /posts/clannad/index.html (+7ms) 
02:26:29   Γö£ΓöÇ /posts/contrasting-china-brown-economy-fr/index.html (+2ms) 
02:26:29   Γö£ΓöÇ /posts/contrasting-china-brown-economy/index.html (+2ms) 
02:26:29   Γö£ΓöÇ /posts/des-ilots-apathie-sur-ignorance-fr/index.html (+2ms) 
02:26:29   Γö£ΓöÇ /posts/des-ilots-apathie-sur-ignorance/index.html (+1ms) 
02:26:29   Γö£ΓöÇ /posts/chongqing-la-ville-incandescente-fr/index.html (+16ms) 
02:26:29   Γö£ΓöÇ /posts/chongqing-la-ville-incandescente/index.html (+6ms) 
02:26:29   Γö£ΓöÇ /posts/dai-gyakuten-saiban/index.html (+2ms) 
02:26:29   Γö£ΓöÇ /posts/dai-gyakuten-saiban-fr/index.html (+2ms) 
02:26:29   Γö£ΓöÇ /posts/alienation-through-space/index.html (+1ms) 
02:26:29   Γö£ΓöÇ /posts/alienation-through-space-fr/index.html (+1ms) 
02:26:29   Γö£ΓöÇ /posts/donghua-paradox/index.html (+1ms) 
02:26:29   Γö£ΓöÇ /posts/donghua-paradox-fr/index.html (+1ms) 
02:26:29   Γö£ΓöÇ /posts/episodic-vs-serialized-how-korra-fails-at-heredity-fr/index.html (+2ms) 
02:26:29   Γö£ΓöÇ /posts/episodic-vs-serialized-how-korra-fails-at-heredity/index.html (+1ms) 
02:26:29   Γö£ΓöÇ /posts/innovation-through-hommage-tyrion-cuthbert/index.html (+1ms) 
02:26:29   Γö£ΓöÇ /posts/innovation-through-hommage-tyrion-cuthbert-fr/index.html (+1ms) 
02:26:29   Γö£ΓöÇ /posts/jojo_ranking-fr/index.html (+5ms) 
02:26:29   Γö£ΓöÇ /posts/jojo_ranking/index.html (+5ms) 
02:26:29   Γö£ΓöÇ /posts/how-to-ruin-an-anime-oshi-no-ko/index.html (+2ms) 
02:26:29   Γö£ΓöÇ /posts/how-to-ruin-an-anime-oshi-no-ko-fr/index.html (+1ms) 
02:26:29   Γö£ΓöÇ /posts/july-2024-w2t-tea-club/index.html (+1ms) 
02:26:29   Γö£ΓöÇ /posts/fatum-end-of-evangelion/index.html (+1ms) 
02:26:30   Γö£ΓöÇ /posts/fatum-end-of-evangelion-fr/index.html (+1ms) 
02:26:30   Γö£ΓöÇ /posts/my-steepster-reviews--fr/index.html (+1ms) 
02:26:30   Γö£ΓöÇ /posts/my-steepster-reviews-/index.html (+1ms) 
02:26:30   Γö£ΓöÇ /posts/june-2024-w2t-tea-club/index.html (+1ms) 
02:26:30   Γö£ΓöÇ /posts/new_teaset/index.html (+1ms) 
02:26:30   Γö£ΓöÇ /posts/planetarian-fr/index.html (+4ms) 
02:26:30   Γö£ΓöÇ /posts/new-palais-des-thes-samples-/index.html (+1ms) 
02:26:30   Γö£ΓöÇ /posts/planetarian/index.html (+5ms) 
02:26:30   Γö£ΓöÇ /posts/isolation-and-slice-of-life-toyotoki/index.html (+1ms) 
02:26:30   Γö£ΓöÇ /posts/isolation-and-slice-of-life-toyotoki-fr/index.html (+1ms) 
02:26:30   Γö£ΓöÇ /posts/review-of-2018-turtle-dove-by-white2tea/index.html (+1ms) 
02:26:30   Γö£ΓöÇ /posts/review-of-2020-nightlift-by-white2tea/index.html (+1ms) 
02:26:30   Γö£ΓöÇ /posts/la-resurgence-inattendue-des-fmvs/index.html (+1ms) 
02:26:30   Γö£ΓöÇ /posts/la-resurgence-inattendue-des-fmvs-fr/index.html (+1ms) 
02:26:30   Γö£ΓöÇ /posts/review-of-2021-sunskate-by-white2tea/index.html (+1ms) 
02:26:30   Γö£ΓöÇ /posts/review-of-2024-gas-minis-by-white2tea/index.html (+1ms) 
02:26:30   Γö£ΓöÇ /posts/politics-of-palace-dramas-china-film-industry/index.html (+1ms) 
02:26:30   Γö£ΓöÇ /posts/politics-of-palace-dramas-china-film-industry-fr/index.html (+1ms) 
02:26:30   Γö£ΓöÇ /posts/review-of-2024-moon-bear-minis-by-white2tea/index.html (+1ms) 
02:26:30   Γö£ΓöÇ /posts/review-of-2024-great-blue-heron-by-white2tea/index.html (+1ms) 
02:26:30   Γö£ΓöÇ /posts/new-horizons-the-hollow-evolution-of-a-beloved-series-fr/index.html (+1ms) 
02:26:30   Γö£ΓöÇ /posts/new-horizons-the-hollow-evolution-of-a-beloved-series/index.html (+1ms) 
02:26:30   Γö£ΓöÇ /posts/review-of-2024-5th-wave-by-white2tea/index.html (+2ms) 
02:26:30   Γö£ΓöÇ /posts/review-of-2024-spring-old-arbor-raw-puer/index.html (+2ms) 
02:26:30   Γö£ΓöÇ /posts/review-of-2024-nightlife-mini-by-white2tea/index.html (+1ms) 
02:26:30   Γö£ΓöÇ /posts/review-of-2024-teadontlie-minis-by-white2tea/index.html (+1ms) 
02:26:30   Γö£ΓöÇ /posts/review-of-2024-philtre-minis-by-white2tea/index.html (+1ms) 
02:26:30   Γö£ΓöÇ /posts/review-of-fleur-de-sureau-et-peche-bio-by-palais-des-thes/index.html (+1ms) 
02:26:30   Γö£ΓöÇ /posts/review-of-butterfly-of-taiwan-by-palais-des-th├⌐s/index.html (+1ms) 
02:26:30   Γö£ΓöÇ /posts/review-of-grand-yunnan-imperial-by-palais-des-thes/index.html (+1ms) 
02:26:30   Γö£ΓöÇ /posts/review-of-a-mystery-green-tea/index.html (+1ms) 
02:26:30   Γö£ΓöÇ /posts/review-of-chai-imperial-by-palais-des-the/index.html (+1ms) 
02:26:30   Γö£ΓöÇ /posts/review-of-grand-jasmin-mao-feng/index.html (+1ms) 
02:26:30   Γö£ΓöÇ /posts/review-of-bai-mu-dan-by-palais-des-thes/index.html (+1ms) 
02:26:30   Γö£ΓöÇ /posts/review-of-lao-chuan-hong/index.html (+1ms) 
02:26:30   Γö£ΓöÇ /posts/review-of-pu-erh-lin-cang-bio-by-palais-des-thes/index.html (+1ms) 
02:26:30   Γö£ΓöÇ /posts/review-of-sencha-ariake-by-palais-des-thes/index.html (+1ms) 
02:26:30   Γö£ΓöÇ /posts/review-of-jejudo-imp├⌐rial-by-palais-des-th├⌐s/index.html (+1ms) 
02:26:30   Γö£ΓöÇ /posts/review-of-le-temps-retrouv├⌐-by-palais-des-th├⌐s/index.html (+1ms) 
02:26:30   Γö£ΓöÇ /posts/review-of-the-des-moines-by-palais-des-thes/index.html (+1ms) 
02:26:30   Γö£ΓöÇ /posts/review-of-th├⌐-du-hammam-by-palais-des-thesds/index.html (+1ms) 
02:26:30   Γö£ΓöÇ /posts/review-of-milky-oolong-by-palais-des-thes/index.html (+1ms) 
02:26:30   Γö£ΓöÇ /posts/review-of-the-des-alisees-by-palais-des-thes/index.html (+1ms) 
02:26:30   Γö£ΓöÇ /posts/review-of-the-du-louvre-cote-jardin-by-palais-des-thes/index.html (+1ms) 
02:26:30   Γö£ΓöÇ /posts/review-of-white-pu-erh-brick/index.html (+1ms) 
02:26:30   Γö£ΓöÇ /posts/review-of-twg-breakfast-teas-fr/index.html (+1ms) 
02:26:30   Γö£ΓöÇ /posts/review-of-avantcha-fr/index.html (+1ms) 
02:26:30   Γö£ΓöÇ /posts/review-of-avantcha/index.html (+1ms) 
02:26:30   Γö£ΓöÇ /posts/review-of-twg-breakfast-teas/index.html (+1ms) 
02:26:30   Γö£ΓöÇ /posts/review-of-ts-teabar/index.html (+2ms) 
02:26:30   Γö£ΓöÇ /posts/review-of-ts-teabar-fr/index.html (+1ms) 
02:26:30   Γö£ΓöÇ /posts/the-shifting-tides-fr/index.html (+1ms) 
02:26:30   Γö£ΓöÇ /posts/the-shifting-tides/index.html (+1ms) 
02:26:30   Γö£ΓöÇ /posts/teas-arriving-in-may/index.html (+1ms) 
02:26:30   Γö£ΓöÇ /posts/teas-that-arrived-in-june/index.html (+1ms) 
02:26:30   Γö£ΓöÇ /posts/teas-that-arrived-in-july/index.html (+1ms) 
02:26:30   Γö£ΓöÇ /posts/subversion-et-stagnation-endless-eight/index.html (+2ms) 
02:26:30   Γö£ΓöÇ /posts/subversion-et-stagnation-endless-eight-fr/index.html (+1ms) 
02:26:30   Γö£ΓöÇ /posts/toaru_storytelling-fr/index.html (+5ms) 
02:26:30   Γö£ΓöÇ /posts/toaru_storytelling/index.html (+4ms) 
02:26:30   Γö£ΓöÇ /posts/welcome-to-the-skoomaden-/index.html (+1ms) 
02:26:30   Γö£ΓöÇ /posts/whats-in-my-cupboard-april-2024/index.html (+1ms) 
02:26:30   Γö£ΓöÇ /posts/the-teas-that-arrived-in-may/index.html (+1ms) 
02:26:30   Γö£ΓöÇ /posts/beijing-logbook/index.html (+1ms) 
02:26:30   Γö£ΓöÇ /posts/beijing-logbook-fr/index.html (+1ms) 
02:26:30   Γö£ΓöÇ /posts/the-wild-robot-and-dreamworks-golden-age/index.html (+1ms) 
02:26:30   Γö£ΓöÇ /posts/the-wild-robot-and-dreamworks-golden-age-fr/index.html (+1ms) 
02:26:30   ΓööΓöÇ /posts/teas-arriving-in-july/index.html (+1ms) 
02:26:30 Γû╢ src/pages/posts/index.astro
02:26:30   ΓööΓöÇ /posts/index.html (+5ms) 
02:26:30 ╬╗ src/pages/rss.xml.ts
02:26:30   ΓööΓöÇ /rss.xml (+11ms) 
02:26:30 Γû╢ src/pages/tags/[slug].astro
02:26:30   Γö£ΓöÇ /tags/Multim├⌐dia/index.html (+3ms) 
02:26:30   Γö£ΓöÇ /tags/Fran├ºais/index.html (+3ms) 
02:26:30   Γö£ΓöÇ /tags/Multimedia/index.html (+2ms) 
02:26:30   Γö£ΓöÇ /tags/Archive/index.html (+3ms) 
02:26:30   Γö£ΓöÇ /tags/Anim├⌐s/index.html (+1ms) 
02:26:30   Γö£ΓöÇ /tags/Jeux/index.html (+3ms) 
02:26:30   Γö£ΓöÇ /tags/Animes/index.html (+2ms) 
02:26:30   Γö£ΓöÇ /tags/Games/index.html (+1ms) 
02:26:30   Γö£ΓöÇ /tags/Livres/index.html (+1ms) 
02:26:30   Γö£ΓöÇ /tags/Books/index.html (+1ms) 
02:26:30   Γö£ΓöÇ /tags/Journal de Bord/index.html (+1ms) 
02:26:30   Γö£ΓöÇ /tags/Logbook/index.html (+1ms) 
02:26:30   Γö£ΓöÇ /tags/Annonces/index.html (+1ms) 
02:26:30   Γö£ΓöÇ /tags/Th├⌐s/index.html (+1ms) 
02:26:30   Γö£ΓöÇ /tags/Announcements/index.html (+1ms) 
02:26:30   Γö£ΓöÇ /tags/Teas/index.html (+1ms) 
02:26:30   Γö£ΓöÇ /tags/Maison de Th├⌐/index.html (+1ms) 
02:26:30   ΓööΓöÇ /tags/Teahouse/index.html (+1ms) 
02:26:30 Γû╢ src/pages/tags/index.astro
02:26:30   ΓööΓöÇ /tags/index.html (+2ms) 
02:26:30 Γû╢ src/pages/index.astro
02:26:30   ΓööΓöÇ /index.html (+2ms) 
02:26:30 Γ£ô Completed in 348ms.

 generating optimized images 
02:26:30   Γû╢ /_astro/Pasted image 20250121184231.CJzpYLjj_Z1vDW4d.webp (reused cache entry) (+2ms) (1/50)
02:26:30   Γû╢ /_astro/Pasted image 20250121184811.DA2ljSNt_Z1sXtax.webp (reused cache entry) (+2ms) (2/50)
02:26:30   Γû╢ /_astro/Pasted image 20250121190450.BFrXQ3kc_Z2pHi2A.webp (reused cache entry) (+2ms) (3/50)
02:26:30   Γû╢ /_astro/Pasted image 20250121185006.Ck1KcoPl_wTfwD.webp (reused cache entry) (+3ms) (4/50)
02:26:30   Γû╢ /_astro/Pasted image 20250121194202.DPPZW6G8_ZSuPx7.webp (reused cache entry) (+3ms) (5/50)
02:26:30   Γû╢ /_astro/Pasted image 20250121194748.CzF4WCFB_277fhF.webp (reused cache entry) (+3ms) (6/50)
02:26:30   Γû╢ /_astro/Pasted image 20250122104031.DvcuZHvD_Z2iP02Q.webp (reused cache entry) (+4ms) (7/50)
02:26:30   Γû╢ /_astro/Pasted image 20250121195256.yo13D6hR_2eGFSq.webp (reused cache entry) (+4ms) (8/50)
02:26:30   Γû╢ /_astro/Pasted image 20250121195052.YrKxZPHV_Zsmjeg.webp (reused cache entry) (+4ms) (9/50)
02:26:30   Γû╢ /_astro/Pasted image 20250122104926.DJ038ebO_Z1vcVjF.webp (reused cache entry) (+4ms) (10/50)
02:26:30   Γû╢ /_astro/Pasted image 20250122111342.DqyMdHpa_Z1dhEjm.webp (reused cache entry) (+5ms) (11/50)
02:26:30   Γû╢ /_astro/Pasted image 20250122112121.DWwCom8D_1GHmeL.webp (reused cache entry) (+6ms) (12/50)
02:26:30   Γû╢ /_astro/Pasted image 20250122112915.CRgnZj1W_26kxS6.webp (reused cache entry) (+4ms) (13/50)
02:26:30   Γû╢ /_astro/Pasted image 20250127133923.B3o-GSGe_Z2aFpra.webp (reused cache entry) (+4ms) (14/50)
02:26:30   Γû╢ /_astro/Pasted image 20250224100249.DAwwZAKh_Z1HFRDF.webp (reused cache entry) (+3ms) (15/50)
02:26:30   Γû╢ /_astro/Pasted image 20250224095646.CO0Q1haE_8IWpS.webp (reused cache entry) (+4ms) (16/50)
02:26:30   Γû╢ /_astro/Pasted image 20250224100519.lppYDudt_ZvhR6.webp (reused cache entry) (+4ms) (17/50)
02:26:30   Γû╢ /_astro/Pasted image 20250127134333.C2IIs7jT_1HBVgF.webp (reused cache entry) (+5ms) (18/50)
02:26:30   Γû╢ /_astro/Pasted image 20250224101007.DMxt4lC6_1u2HkK.webp (reused cache entry) (+4ms) (19/50)
02:26:30   Γû╢ /_astro/Pasted image 20250224103859.gpizjD-z_LrumG.webp (reused cache entry) (+4ms) (20/50)
02:26:30   Γû╢ /_astro/Pasted image 20250224103049.DPaxg7CI_ZI8TDh.webp (reused cache entry) (+5ms) (21/50)
02:26:30   Γû╢ /_astro/Pasted image 20250224104635.BNGU3iTq_Z2j2S5T.webp (reused cache entry) (+5ms) (22/50)
02:26:30   Γû╢ /_astro/Pasted image 20250224110437.DRuLLlXV_Z13G1Li.webp (reused cache entry) (+6ms) (23/50)
02:26:30   Γû╢ /_astro/Pasted image 20250224111705.CHWonHkS_Zygv4y.webp (reused cache entry) (+6ms) (24/50)
02:26:30   Γû╢ /_astro/Pasted image 20250224112425.3vh4eG6K_2iQkq4.webp (reused cache entry) (+4ms) (25/50)
02:26:30   Γû╢ /_astro/Pasted image 20250224114349.RCgUPYRx_Z17isot.webp (reused cache entry) (+3ms) (26/50)
02:26:30   Γû╢ /_astro/Pasted image 20250224114259.CLOyvZWg_omiAG.webp (reused cache entry) (+3ms) (27/50)
02:26:30   Γû╢ /_astro/Pasted image 20250224111927.CBqc4MRq_Z1DccUh.webp (reused cache entry) (+5ms) (28/50)
02:26:30   Γû╢ /_astro/Pasted image 20250224112618.BYpd_XKQ_ZtWqHO.webp (reused cache entry) (+5ms) (29/50)
02:26:30   Γû╢ /_astro/Pasted image 20250224120644.DCVxTp3Y_Z1dHliJ.webp (reused cache entry) (+4ms) (30/50)
02:26:30   Γû╢ /_astro/Pasted image 20250224121059.Dt9RhGp2_w2GB0.webp (reused cache entry) (+4ms) (31/50)
02:26:30   Γû╢ /_astro/Pasted image 20250224122230.CqXfWQ-T_205MzK.webp (reused cache entry) (+5ms) (32/50)
02:26:30   Γû╢ /_astro/Pasted image 20250224121656.M2JevyLZ_40l22.webp (reused cache entry) (+5ms) (33/50)
02:26:30   Γû╢ /_astro/Pasted image 20250224122506.DfYVlSHB_ZOCm45.webp (reused cache entry) (+5ms) (34/50)
02:26:30   Γû╢ /_astro/Pasted image 20250318032537.BpLUe4KT_ZsMQTh.webp (reused cache entry) (+6ms) (35/50)
02:26:30   Γû╢ /_astro/Pasted image 20250318034055.C8LH046s_1V5urK.webp (reused cache entry) (+6ms) (36/50)
02:26:30   Γû╢ /_astro/Pasted image 20250318034907.CMZ0bxpg_ZYageh.webp (reused cache entry) (+5ms) (37/50)
02:26:30   Γû╢ /_astro/Pasted image 20250318034808.Bo0eMFwG_1eNA5I.webp (reused cache entry) (+4ms) (38/50)
02:26:30   Γû╢ /_astro/Pasted image 20250318035227.u6CLTi-7_Z24vbKB.webp (reused cache entry) (+5ms) (39/50)
02:26:30   Γû╢ /_astro/Pasted image 20250318040950.CeIMZ3FE_mhSAO.webp (reused cache entry) (+4ms) (40/50)
02:26:30   Γû╢ /_astro/Pasted image 20250318042015.CCM70qj6_ZCe93M.webp (reused cache entry) (+4ms) (41/50)
02:26:30   Γû╢ /_astro/Pasted image 20250318041335.BTaI84vv_Z1K3QHU.webp (reused cache entry) (+5ms) (42/50)
02:26:30   Γû╢ /_astro/Pasted image 20250318042051.DTv4OrRY_Z1j2DcU.webp (reused cache entry) (+5ms) (43/50)
02:26:30   Γû╢ /_astro/Pasted image 20250318042656.CMR-3WgE_Z23Tr2.webp (reused cache entry) (+5ms) (44/50)
02:26:30   Γû╢ /_astro/Pasted image 20250318042149.DV6rY0qW_WPPOs.webp (reused cache entry) (+6ms) (45/50)
02:26:30   Γû╢ /_astro/Pasted image 20250318043216.DDrtzgp6_1Bt50.webp (reused cache entry) (+6ms) (46/50)
02:26:30   Γû╢ /_astro/Pasted image 20250318043324.xI_byArE_160XjT.webp (reused cache entry) (+7ms) (47/50)
02:26:30   Γû╢ /_astro/Pasted image 20250318043806.kGQQO-cJ_Z2uyVpd.webp (reused cache entry) (+5ms) (48/50)
02:26:30   Γû╢ /_astro/Pasted image 20250318043517.Ww6Z6Qoi_1KXkdt.webp (reused cache entry) (+5ms) (49/50)
02:26:30   Γû╢ /_astro/Presentationgif.DvXvX7Fe_nfpxW.webp (reused cache entry) (+5ms) (50/50)
02:26:30 Γ£ô Completed in 30ms.

02:26:30 [@astrojs/sitemap] `sitemap-index.xml` created at `dist`
02:26:30 [build] 120 page(s) built in 3.79s
02:26:30 [build] Complete!
